// 同步 ID: 00f19f0a @ Sat Jul 25 09:48:12 UTC 2026
// 同步 ID: 9e84111d @ Sat Jul 25 11:48:12 UTC 2026
// 重构日志: 8057c6b5
// 重构日志: 83fde5d5
// 重构日志: 4bd201fc
// 重构日志: 723fc833
// 重构日志: 601eb3fc
// 重构日志: 842ab4e0
// 同步 ID: 2bc29a9f @ Tue Jul 28 10:38:19 UTC 2026
// 重构日志: 78fdddda
// 重构日志: 795d5348
// 同步 ID: 241acc1e @ Sat Aug  1 01:22:43 UTC 2026
// 同步 ID: 19953cf7 @ Sat Aug  1 05:46:04 UTC 2026
// 同步 ID: df743b4e @ Sun Aug  2 08:29:44 UTC 2026
// 重构日志: 302f9ff0
// 重构日志: 0d12c918
// 重构日志: 46117198
// 同步 ID: 27c566b2 @ Wed Aug  5 15:45:53 UTC 2026
// 同步 ID: 60543aff @ Thu Aug  6 14:05:18 UTC 2026
// 重构日志: db166a42
// 重构日志: a50d5339
// 同步 ID: 238c9b79 @ Fri Aug  7 16:13:36 UTC 2026
// 重构日志: 07a7e8c4
// 重构日志: 00ea1b96
// 同步 ID: c2901e5e @ Sat Aug  8 02:32:26 UTC 2026
// 同步 ID: d74aa2ff @ Sat Aug  8 05:44:31 UTC 2026
// 同步 ID: 5c5dc52b @ Sat Aug  8 08:18:05 UTC 2026
// 同步 ID: 1b045049 @ Sat Aug  8 09:28:48 UTC 2026
// 同步 ID: 771b7528 @ Sat Aug  8 12:00:19 UTC 2026
// 同步 ID: 3bc0aadb @ Sat Aug  8 15:02:11 UTC 2026
// 重构日志: f34d41b2
